Archive member included to satisfy reference by file (symbol)

/opt/riscv/lib/gcc/riscv32-unknown-elf/12.1.0/libgcc.a(muldi3.o)
                              uart.elf-fir.o (__mulsi3)

Memory Configuration

Name             Origin             Length             Attributes
vexriscv_debug   0x00000000f00f0000 0x0000000000000100
dff              0x0000000000000000 0x0000000000000400
dff2             0x0000000000000400 0x0000000000000200
flash            0x0000000010000000 0x0000000001000000
mprj             0x0000000030000000 0x0000000000100000
mprjram          0x0000000038000000 0x0000000000400000
hk               0x0000000026000000 0x0000000000100000
csr              0x00000000f0000000 0x0000000000010000
*default*        0x0000000000000000 0xffffffffffffffff

Linker script and memory map

                0x0000000000000000                __DYNAMIC = 0x0

.text           0x0000000010000000      0x190
                0x0000000010000000                _ftext = .
 *crt0*(.text)
 .text          0x0000000010000000      0x148 uart.elf-crt0_vex.o
                0x0000000010000000                _start
                0x0000000010000020                trap_entry
 *crt0*(.text)
 *(.text.isr)
                0x0000000010000148                _etext = .
 .text          0x0000000010000148       0x3c uart.elf-isr.o
                0x0000000010000148                isr
 .text          0x0000000010000184        0x0 uart.elf-uart.o
 .text          0x0000000010000184        0x0 uart.elf-fir.o
 .text          0x0000000010000184        0x0 uart.elf-matmul.o
 .text          0x0000000010000184        0x0 uart.elf-qsort.o
 .text          0x0000000010000184        0xc uart.elf-workload_opt.o
                0x0000000010000184                call_delay

.mprj           0x0000000010000190       0xe8
 .mprj          0x0000000010000190       0xe8 uart.elf-uart.o
                0x0000000010000190                uart_write
                0x00000000100001a8                uart_write_char
                0x00000000100001ec                uart_write_string
                0x0000000010000220                uart_read_char
                0x0000000010000250                uart_read

.text.startup   0x0000000010000278      0x26c
 .text.startup  0x0000000010000278      0x26c uart.elf-workload_opt.o
                0x0000000010000278                main

.rodata         0x00000000100004e4        0x4
                0x00000000100004e8                . = ALIGN (0x8)
 *fill*         0x00000000100004e4        0x4 
                0x00000000100004e8                _frodata = .
 *(.rodata .rodata.* .gnu.linkonce.r.*)
 *(.rodata1)
                0x00000000100004e8                . = ALIGN (0x8)
                0x00000000100004e8                _erodata = .

.data           0x0000000000000000      0x108 load address 0x00000000100004e8
                0x0000000000000000                . = ALIGN (0x8)
                0x0000000000000000                _fdata = .
 *(.data .data.* .gnu.linkonce.d.*)
 .data          0x0000000000000000        0x0 uart.elf-crt0_vex.o
 .data          0x0000000000000000        0x0 uart.elf-isr.o
 .data          0x0000000000000000        0x0 uart.elf-uart.o
 .data          0x0000000000000000       0x58 uart.elf-fir.o
                0x0000000000000000                taps
                0x000000000000002c                inputsignal
 .data          0x0000000000000058       0x80 uart.elf-matmul.o
                0x0000000000000058                Aq
                0x0000000000000098                B
 .data          0x00000000000000d8       0x28 uart.elf-qsort.o
                0x00000000000000d8                Am
 .data          0x0000000000000100        0x0 uart.elf-workload_opt.o
 .data          0x0000000000000100        0x0 /opt/riscv/lib/gcc/riscv32-unknown-elf/12.1.0/libgcc.a(muldi3.o)
 *(.data1)
                0x0000000000000100                _gp = ALIGN (0x10)
 *(.sdata .sdata.* .gnu.linkonce.s.*)
 .sdata         0x0000000000000100        0x4 uart.elf-isr.o
                0x0000000000000100                counter
                0x0000000000000108                . = ALIGN (0x8)
 *fill*         0x0000000000000104        0x4 
                0x0000000000000108                _edata = .

.bss            0x0000000000000108       0x98 load address 0x00000000100005f0
                0x0000000000000108                . = ALIGN (0x8)
                0x0000000000000108                _fbss = .
 *(.dynsbss)
 *(.sbss .sbss.* .gnu.linkonce.sb.*)
 *(.scommon)
 *(.dynbss)
 *(.bss .bss.* .gnu.linkonce.b.*)
 .bss           0x0000000000000108        0x0 uart.elf-crt0_vex.o
 .bss           0x0000000000000108        0x0 uart.elf-isr.o
 .bss           0x0000000000000108        0x0 uart.elf-uart.o
 .bss           0x0000000000000108       0x58 uart.elf-fir.o
                0x0000000000000108                inputbuffer
                0x0000000000000134                outputsignal
 .bss           0x0000000000000160       0x40 uart.elf-matmul.o
                0x0000000000000160                result
 .bss           0x00000000000001a0        0x0 uart.elf-qsort.o
 .bss           0x00000000000001a0        0x0 uart.elf-workload_opt.o
 .bss           0x00000000000001a0        0x0 /opt/riscv/lib/gcc/riscv32-unknown-elf/12.1.0/libgcc.a(muldi3.o)
 *(COMMON)
                0x00000000000001a0                . = ALIGN (0x8)
                0x00000000000001a0                _ebss = .
                0x00000000000001a0                _end = .

.mprjram        0x0000000038000000      0x334 load address 0x00000000100005f0
                0x0000000038000000                . = ALIGN (0x8)
                0x0000000038000000                _fsram = .
 *libgcc.a:*(.text .text.*)
 .text          0x0000000038000000       0x24 /opt/riscv/lib/gcc/riscv32-unknown-elf/12.1.0/libgcc.a(muldi3.o)
                0x0000000038000000                __mulsi3
 .mprjram       0x0000000038000024      0x128 uart.elf-fir.o
                0x0000000038000024                initfir
                0x0000000038000050                firfilter
                0x00000000380000e4                fir
 .mprjram       0x000000003800014c       0xf8 uart.elf-matmul.o
                0x000000003800014c                matmul
 .mprjram       0x0000000038000244       0xf0 uart.elf-qsort.o
                0x0000000038000244                partition
                0x00000000380002b4                sort
                0x0000000038000310                qsort
                0x0000000000000600                PROVIDE (_fstack = (ORIGIN (dff2) + LENGTH (dff2)))
                0x00000000100004e8                PROVIDE (_fdata_rom = LOADADDR (.data))
                [!provide]                        PROVIDE (_edata_rom = (LOADADDR (.data) + SIZEOF (.data)))
                0x0000000038000334                PROVIDE (_esram = (ORIGIN (mprjram) + SIZEOF (.mprjram)))
                0x00000000100005f0                PROVIDE (_esram_rom = LOADADDR (.mprjram))
LOAD uart.elf-crt0_vex.o
LOAD uart.elf-isr.o
LOAD uart.elf-uart.o
LOAD uart.elf-fir.o
LOAD uart.elf-matmul.o
LOAD uart.elf-qsort.o
LOAD uart.elf-workload_opt.o
LOAD /opt/riscv/lib/gcc/riscv32-unknown-elf/12.1.0/libgcc.a
START GROUP
LOAD /opt/riscv/lib/gcc/riscv32-unknown-elf/12.1.0/../../../../riscv32-unknown-elf/lib/libc.a
LOAD /opt/riscv/lib/gcc/riscv32-unknown-elf/12.1.0/../../../../riscv32-unknown-elf/lib/libgloss.a
END GROUP
LOAD /opt/riscv/lib/gcc/riscv32-unknown-elf/12.1.0/libgcc.a
OUTPUT(uart.elf elf32-littleriscv)

.rela.dyn       0x0000000038000334        0x0 load address 0x0000000010000924
 .rela.text     0x0000000038000334        0x0 uart.elf-crt0_vex.o

.riscv.attributes
                0x0000000000000000       0x20
 .riscv.attributes
                0x0000000000000000       0x1e uart.elf-crt0_vex.o
 .riscv.attributes
                0x000000000000001e       0x20 uart.elf-isr.o
 .riscv.attributes
                0x000000000000003e       0x1c uart.elf-uart.o
 .riscv.attributes
                0x000000000000005a       0x1c uart.elf-fir.o
 .riscv.attributes
                0x0000000000000076       0x1c uart.elf-matmul.o
 .riscv.attributes
                0x0000000000000092       0x1c uart.elf-qsort.o
 .riscv.attributes
                0x00000000000000ae       0x20 uart.elf-workload_opt.o
 .riscv.attributes
                0x00000000000000ce       0x1a /opt/riscv/lib/gcc/riscv32-unknown-elf/12.1.0/libgcc.a(muldi3.o)

.comment        0x0000000000000000       0x1b
 .comment       0x0000000000000000       0x1b uart.elf-isr.o
                                         0x1c (size before relaxing)
 .comment       0x000000000000001b       0x1c uart.elf-uart.o
 .comment       0x000000000000001b       0x1c uart.elf-fir.o
 .comment       0x000000000000001b       0x1c uart.elf-matmul.o
 .comment       0x000000000000001b       0x1c uart.elf-qsort.o
 .comment       0x000000000000001b       0x1c uart.elf-workload_opt.o

.debug_line     0x0000000000000000     0x141a
 .debug_line    0x0000000000000000      0x20a uart.elf-crt0_vex.o
 .debug_line    0x000000000000020a      0x121 uart.elf-isr.o
 .debug_line    0x000000000000032b      0x2dc uart.elf-uart.o
 .debug_line    0x0000000000000607      0x2e2 uart.elf-fir.o
 .debug_line    0x00000000000008e9      0x196 uart.elf-matmul.o
 .debug_line    0x0000000000000a7f      0x200 uart.elf-qsort.o
 .debug_line    0x0000000000000c7f      0x721 uart.elf-workload_opt.o
 .debug_line    0x00000000000013a0       0x7a /opt/riscv/lib/gcc/riscv32-unknown-elf/12.1.0/libgcc.a(muldi3.o)

.debug_line_str
                0x0000000000000000      0x1f2
 .debug_line_str
                0x0000000000000000       0x63 uart.elf-crt0_vex.o
 .debug_line_str
                0x0000000000000063       0x83 uart.elf-isr.o
                                        0x130 (size before relaxing)
 .debug_line_str
                0x00000000000000e6        0x7 uart.elf-uart.o
                                         0xea (size before relaxing)
 .debug_line_str
                0x00000000000000ed        0xc uart.elf-fir.o
                                         0xaa (size before relaxing)
 .debug_line_str
                0x00000000000000f9       0x12 uart.elf-matmul.o
                                         0xb6 (size before relaxing)
 .debug_line_str
                0x000000000000010b       0x10 uart.elf-qsort.o
                                         0xb2 (size before relaxing)
 .debug_line_str
                0x000000000000011b       0x43 uart.elf-workload_opt.o
                                        0x170 (size before relaxing)
 .debug_line_str
                0x000000000000015e       0x94 /opt/riscv/lib/gcc/riscv32-unknown-elf/12.1.0/libgcc.a(muldi3.o)

.debug_info     0x0000000000000000      0x9d0
 .debug_info    0x0000000000000000       0x25 uart.elf-crt0_vex.o
 .debug_info    0x0000000000000025      0x1cc uart.elf-isr.o
 .debug_info    0x00000000000001f1      0x180 uart.elf-uart.o
 .debug_info    0x0000000000000371      0x16c uart.elf-fir.o
 .debug_info    0x00000000000004dd       0xf1 uart.elf-matmul.o
 .debug_info    0x00000000000005ce      0x171 uart.elf-qsort.o
 .debug_info    0x000000000000073f      0x262 uart.elf-workload_opt.o
 .debug_info    0x00000000000009a1       0x2f /opt/riscv/lib/gcc/riscv32-unknown-elf/12.1.0/libgcc.a(muldi3.o)

.debug_abbrev   0x0000000000000000      0x760
 .debug_abbrev  0x0000000000000000       0x14 uart.elf-crt0_vex.o
 .debug_abbrev  0x0000000000000014      0x170 uart.elf-isr.o
 .debug_abbrev  0x0000000000000184      0x107 uart.elf-uart.o
 .debug_abbrev  0x000000000000028b      0x106 uart.elf-fir.o
 .debug_abbrev  0x0000000000000391       0xd1 uart.elf-matmul.o
 .debug_abbrev  0x0000000000000462      0x126 uart.elf-qsort.o
 .debug_abbrev  0x0000000000000588      0x1b7 uart.elf-workload_opt.o
 .debug_abbrev  0x000000000000073f       0x21 /opt/riscv/lib/gcc/riscv32-unknown-elf/12.1.0/libgcc.a(muldi3.o)

.debug_aranges  0x0000000000000000      0x148
 .debug_aranges
                0x0000000000000000       0x20 uart.elf-crt0_vex.o
 .debug_aranges
                0x0000000000000020       0x20 uart.elf-isr.o
 .debug_aranges
                0x0000000000000040       0x40 uart.elf-uart.o
 .debug_aranges
                0x0000000000000080       0x30 uart.elf-fir.o
 .debug_aranges
                0x00000000000000b0       0x20 uart.elf-matmul.o
 .debug_aranges
                0x00000000000000d0       0x30 uart.elf-qsort.o
 .debug_aranges
                0x0000000000000100       0x28 uart.elf-workload_opt.o
 .debug_aranges
                0x0000000000000128       0x20 /opt/riscv/lib/gcc/riscv32-unknown-elf/12.1.0/libgcc.a(muldi3.o)

.debug_str      0x0000000000000000      0x325
 .debug_str     0x0000000000000000       0x6f uart.elf-crt0_vex.o
 .debug_str     0x000000000000006f      0x11b uart.elf-isr.o
                                        0x15c (size before relaxing)
 .debug_str     0x000000000000018a       0x31 uart.elf-uart.o
                                        0x133 (size before relaxing)
 .debug_str     0x00000000000001bb       0x5e uart.elf-fir.o
                                         0xc6 (size before relaxing)
 .debug_str     0x0000000000000219       0x14 uart.elf-matmul.o
                                         0x85 (size before relaxing)
 .debug_str     0x000000000000022d       0x1b uart.elf-qsort.o
                                         0x88 (size before relaxing)
 .debug_str     0x0000000000000248       0x49 uart.elf-workload_opt.o
                                        0x165 (size before relaxing)
 .debug_str     0x0000000000000291       0x94 /opt/riscv/lib/gcc/riscv32-unknown-elf/12.1.0/libgcc.a(muldi3.o)
                                         0xa9 (size before relaxing)

.debug_loclists
                0x0000000000000000      0x347
 .debug_loclists
                0x0000000000000000       0x52 uart.elf-isr.o
 .debug_loclists
                0x0000000000000052       0x7a uart.elf-uart.o
 .debug_loclists
                0x00000000000000cc       0x7d uart.elf-fir.o
 .debug_loclists
                0x0000000000000149       0x8f uart.elf-matmul.o
 .debug_loclists
                0x00000000000001d8       0xed uart.elf-qsort.o
 .debug_loclists
                0x00000000000002c5       0x82 uart.elf-workload_opt.o

.debug_rnglists
                0x0000000000000000      0x133
 .debug_rnglists
                0x0000000000000000       0x1f uart.elf-isr.o
 .debug_rnglists
                0x000000000000001f       0x3a uart.elf-uart.o
 .debug_rnglists
                0x0000000000000059       0x7d uart.elf-fir.o
 .debug_rnglists
                0x00000000000000d6       0x16 uart.elf-matmul.o
 .debug_rnglists
                0x00000000000000ec       0x28 uart.elf-qsort.o
 .debug_rnglists
                0x0000000000000114       0x1f uart.elf-workload_opt.o

.debug_frame    0x0000000000000000      0x234
 .debug_frame   0x0000000000000000       0x2c uart.elf-isr.o
 .debug_frame   0x000000000000002c       0x84 uart.elf-uart.o
 .debug_frame   0x00000000000000b0       0x7c uart.elf-fir.o
 .debug_frame   0x000000000000012c       0x60 uart.elf-matmul.o
 .debug_frame   0x000000000000018c       0x64 uart.elf-qsort.o
 .debug_frame   0x00000000000001f0       0x44 uart.elf-workload_opt.o
